This file contains any messages produced by compilers while
running configure, to aid debugging if configure makes a mistake.

It was created by libxml2 configure 2.11.9, which was
generated by GNU Autoconf 2.72.  Invocation command line was

  $ ./configure --disable-shared

## --------- ##
## Platform. ##
## --------- ##

hostname = glitch
uname -m = x86_64
uname -r = 6.12.38+kali-amd64
uname -s = Linux
uname -v = #1 SMP PREEMPT_DYNAMIC Kali 6.12.38-1kali1 (2025-08-12)

/usr/bin/uname -p = unknown
/bin/uname -X     = unknown

/bin/arch              = x86_64
/usr/bin/arch -k       = unknown
/usr/convex/getsysinfo = unknown
/usr/bin/hostinfo      = unknown
/bin/machine           = unknown
/usr/bin/oslevel       = unknown
/bin/universe          = unknown

PATH: /home/glitch/.cargo/bin/
PATH: /home/glitch/.npm-global/bin/
PATH: /home/glitch/.local/bin/
PATH: /usr/local/sbin/
PATH: /usr/sbin/
PATH: /sbin/
PATH: /usr/local/bin/
PATH: /usr/bin/
PATH: /bin/
PATH: /usr/local/games/
PATH: /usr/games/
PATH: /snap/bin/
PATH: /home/glitch/.dotnet/tools/


## ----------- ##
## Core tests. ##
## ----------- ##

configure:2688: looking for aux files: ltmain.sh compile missing install-sh config.guess config.sub
configure:2701:  trying ./
configure:2730:   ./ltmain.sh found
configure:2730:   ./compile found
configure:2730:   ./missing found
configure:2712:   ./install-sh found
configure:2730:   ./config.guess found
configure:2730:   ./config.sub found
configure:2853: checking build system type
configure:2869: result: x86_64-pc-linux-gnu
configure:2889: checking host system type
configure:2904: result: x86_64-pc-linux-gnu
configure:2970: checking for a BSD-compatible install
configure:3044: result: /usr/bin/install -c
configure:3055: checking whether sleep supports fractional seconds
configure:3071: result: yes
configure:3074: checking filesystem timestamp resolution
configure:3209: result: 0.01
configure:3214: checking whether build environment is sane
configure:3255: result: yes
configure:3426: checking for a race-free mkdir -p
configure:3469: result: /usr/bin/mkdir -p
configure:3476: checking for gawk
configure:3497: found /usr/bin/gawk
configure:3509: result: gawk
configure:3520: checking whether make sets $(MAKE)
configure:3544: result: yes
configure:3570: checking whether make supports nested variables
configure:3589: result: yes
configure:3603: checking xargs -n works
configure:3619: result: yes
configure:3718: checking whether to enable maintainer-specific portions of Makefiles
configure:3729: result: yes
configure:3808: checking for gcc
configure:3829: found /usr/bin/gcc
configure:3841: result: gcc
configure:4200: checking for C compiler version
configure:4209: gcc --version >&5
gcc (Debian 14.3.0-5) 14.3.0
Copyright (C) 2024 Free Software Foundation, Inc.
This is free software; see the source for copying conditions.  There is NO
warranty; not even for MERCHANTABILITY or FITNESS FOR A PARTICULAR PURPOSE.

configure:4220: $? = 0
configure:4209: gcc -v >&5
Using built-in specs.
COLLECT_GCC=gcc
COLLECT_LTO_WRAPPER=/usr/libexec/gcc/x86_64-linux-gnu/14/lto-wrapper
OFFLOAD_TARGET_NAMES=nvptx-none:amdgcn-amdhsa
OFFLOAD_TARGET_DEFAULT=1
Target: x86_64-linux-gnu
Configured with: ../src/configure -v --with-pkgversion='Debian 14.3.0-5' --with-bugurl=file:///usr/share/doc/gcc-14/README.Bugs --enable-languages=c,ada,c++,go,d,fortran,objc,obj-c++,m2,rust --prefix=/usr --with-gcc-major-version-only --program-suffix=-14 --program-prefix=x86_64-linux-gnu- --enable-shared --enable-linker-build-id --libexecdir=/usr/libexec --without-included-gettext --enable-threads=posix --libdir=/usr/lib --enable-nls --enable-bootstrap --enable-clocale=gnu --enable-libstdcxx-debug --enable-libstdcxx-time=yes --with-default-libstdcxx-abi=new --enable-libstdcxx-backtrace --enable-gnu-unique-object --disable-vtable-verify --enable-plugin --enable-default-pie --with-system-zlib --enable-libphobos-checking=release --with-target-system-zlib=auto --enable-objc-gc=auto --enable-multiarch --disable-werror --enable-cet --with-arch-32=i686 --with-abi=m64 --with-multilib-list=m32,m64,mx32 --enable-multilib --with-tune=generic --enable-offload-targets=nvptx-none=/build/reproducible-path/gcc-14-14.3.0/debian/tmp-nvptx/usr,amdgcn-amdhsa=/build/reproducible-path/gcc-14-14.3.0/debian/tmp-gcn/usr --enable-offload-defaulted --without-cuda-driver --enable-checking=release --build=x86_64-linux-gnu --host=x86_64-linux-gnu --target=x86_64-linux-gnu --with-build-config=bootstrap-lto-lean --enable-link-serialization=3
Thread model: posix
Supported LTO compression algorithms: zlib zstd
gcc version 14.3.0 (Debian 14.3.0-5) 
... rest of stderr output deleted ...
configure:4220: $? = 0
configure:4209: gcc -V >&5
gcc: error: unrecognized command-line option '-V'
gcc: fatal error: no input files
compilation terminated.
configure:4220: $? = 1
configure:4209: gcc -qversion >&5
gcc: error: unrecognized command-line option '-qversion'; did you mean '--version'?
gcc: fatal error: no input files
compilation terminated.
configure:4220: $? = 1
configure:4209: gcc -version >&5
gcc: error: unrecognized command-line option '-version'
gcc: fatal error: no input files
compilation terminated.
configure:4220: $? = 1
configure:4240: checking whether the C compiler works
configure:4262: gcc -fsanitize=address -g -O1 -std=gnu11 -include stdint.h   conftest.c  >&5
configure:4266: $? = 0
configure:4317: result: yes
configure:4321: checking for C compiler default output file name
configure:4323: result: a.out
configure:4329: checking for suffix of executables
configure:4336: gcc -o conftest -fsanitize=address -g -O1 -std=gnu11 -include stdint.h   conftest.c  >&5
configure:4340: $? = 0
configure:4364: result: 
configure:4388: checking whether we are cross compiling
configure:4396: gcc -o conftest -fsanitize=address -g -O1 -std=gnu11 -include stdint.h   conftest.c  >&5
configure:4400: $? = 0
configure:4407: ./conftest
configure:4411: $? = 0
configure:4426: result: no
configure:4432: checking for suffix of object files
configure:4455: gcc -c -fsanitize=address -g -O1 -std=gnu11 -include stdint.h  conftest.c >&5
configure:4459: $? = 0
configure:4483: result: o
configure:4487: checking whether the compiler supports GNU C
configure:4507: gcc -c -fsanitize=address -g -O1 -std=gnu11 -include stdint.h  conftest.c >&5
configure:4507: $? = 0
configure:4519: result: yes
configure:4530: checking whether gcc accepts -g
configure:4551: gcc -c -g  conftest.c >&5
configure:4551: $? = 0
configure:4598: result: yes
configure:4618: checking for gcc option to enable C11 features
configure:4633: gcc  -c -fsanitize=address -g -O1 -std=gnu11 -include stdint.h  conftest.c >&5
configure:4633: $? = 0
configure:4652: result: none needed
configure:4776: checking whether gcc understands -c and -o together
configure:4799: gcc -c conftest.c -o conftest2.o
configure:4802: $? = 0
configure:4799: gcc -c conftest.c -o conftest2.o
configure:4802: $? = 0
configure:4815: result: yes
configure:4835: checking whether make supports the include directive
configure:4850: make -f confmf.GNU && cat confinc.out
this is the am__doit target
configure:4853: $? = 0
configure:4872: result: yes (GNU style)
configure:4898: checking dependency style of gcc
configure:5011: result: gcc3
configure:5027: checking whether ln -s works
configure:5031: result: yes
configure:5041: checking for tar
configure:5064: found /usr/bin/tar
configure:5078: result: /usr/bin/tar
configure:5088: checking for perl
configure:5111: found /usr/bin/perl
configure:5125: result: /usr/bin/perl
configure:5135: checking for wget
configure:5158: found /usr/bin/wget
configure:5172: result: /usr/bin/wget
configure:5182: checking for xsltproc
configure:5205: found /usr/bin/xsltproc
configure:5219: result: /usr/bin/xsltproc
configure:5287: checking for pkg-config
configure:5310: found /usr/bin/pkg-config
configure:5323: result: /usr/bin/pkg-config
configure:5348: checking pkg-config is at least version 0.9.0
configure:5351: result: yes
configure:5407: checking how to print strings
configure:5434: result: printf
configure:5455: checking for a sed that does not truncate output
configure:5527: result: /usr/bin/sed
configure:5545: checking for grep that handles long lines and -e
configure:5611: result: /usr/bin/grep
configure:5616: checking for egrep
configure:5686: result: /usr/bin/grep -E
configure:5693: checking for fgrep
configure:5763: result: /usr/bin/grep -F
configure:5800: checking for ld used by gcc
configure:5869: result: /usr/bin/ld
configure:5876: checking if the linker (/usr/bin/ld) is GNU ld
configure:5893: result: yes
configure:5905: checking for BSD- or MS-compatible name lister (nm)
configure:5961: result: /usr/bin/nm -B
configure:6103: checking the name lister (/usr/bin/nm -B) interface
configure:6111: gcc -c -fsanitize=address -g -O1 -std=gnu11 -include stdint.h  conftest.c >&5
configure:6114: /usr/bin/nm -B "conftest.o"
configure:6117: output
                 U __asan_init
                 U __asan_register_globals
                 U __asan_unregister_globals
                 U __asan_version_mismatch_check_v8
0000000000000040 B __odr_asan.some_variable
0000000000000000 t _sub_D_00099_0
000000000000001a t _sub_I_00099_1
0000000000000000 B some_variable
configure:6125: result: BSD nm
configure:6129: checking the maximum length of command line arguments
configure:6262: result: 1572864
configure:6310: checking how to convert x86_64-pc-linux-gnu file names to x86_64-pc-linux-gnu format
configure:6352: result: func_convert_file_noop
configure:6359: checking how to convert x86_64-pc-linux-gnu file names to toolchain format
configure:6381: result: func_convert_file_noop
configure:6388: checking for /usr/bin/ld option to reload object files
configure:6397: result: -r
configure:6430: checking for file
configure:6451: found /usr/bin/file
configure:6464: result: file
configure:6527: checking for objdump
configure:6548: found /usr/bin/objdump
configure:6560: result: objdump
configure:6592: checking how to recognize dependent libraries
configure:6801: result: pass_all
configure:6892: checking for dlltool
configure:6928: result: no
configure:6958: checking how to associate runtime and link libraries
configure:6987: result: printf %s\n
configure:7048: checking for ranlib
configure:7069: found /usr/bin/ranlib
configure:7081: result: ranlib
configure:7158: checking for ar
configure:7179: found /usr/bin/ar
configure:7191: result: ar
configure:7244: checking for archiver @FILE support
configure:7262: gcc -c -fsanitize=address -g -O1 -std=gnu11 -include stdint.h  conftest.c >&5
configure:7262: $? = 0
configure:7266: ar cr libconftest.a @conftest.lst >&5
configure:7269: $? = 0
configure:7274: ar cr libconftest.a @conftest.lst >&5
ar: conftest.o: No such file or directory
configure:7277: $? = 1
configure:7290: result: @
configure:7354: checking for strip
configure:7375: found /usr/bin/strip
configure:7387: result: strip
configure:7490: checking command to parse /usr/bin/nm -B output from gcc object
configure:7644: gcc -c -fsanitize=address -g -O1 -std=gnu11 -include stdint.h  conftest.c >&5
configure:7647: $? = 0
configure:7651: /usr/bin/nm -B conftest.o | /usr/bin/sed -n -e 's/^.*[	 ]\([ABCDGIRSTW][ABCDGIRSTW]*\)[	 ][	 ]*\([_A-Za-z][_A-Za-z0-9]*\)$/\1 \2 \2/p' | /usr/bin/sed '/ __gnu_lto/d' > conftest.nm
configure:7717: gcc -o conftest -fsanitize=address -g -O1 -std=gnu11 -include stdint.h   conftest.c conftstm.o >&5
configure:7720: $? = 0
configure:7759: result: ok
configure:7806: checking for sysroot
configure:7840: result: no
configure:7847: checking for a working dd
configure:7892: result: /usr/bin/dd
configure:7896: checking how to truncate binary pipes
configure:7913: result: /usr/bin/dd bs=4096 count=1
configure:8050: gcc -c -fsanitize=address -g -O1 -std=gnu11 -include stdint.h  conftest.c >&5
configure:8053: $? = 0
configure:8253: checking for mt
configure:8274: found /usr/bin/mt
configure:8286: result: mt
configure:8309: checking if mt is a manifest tool
configure:8316: mt '-?'
configure:8325: result: no
configure:9122: checking for stdio.h
configure:9122: gcc -c -fsanitize=address -g -O1 -std=gnu11 -include stdint.h  conftest.c >&5
configure:9122: $? = 0
configure:9122: result: yes
configure:9122: checking for stdlib.h
configure:9122: gcc -c -fsanitize=address -g -O1 -std=gnu11 -include stdint.h  conftest.c >&5
configure:9122: $? = 0
configure:9122: result: yes
configure:9122: checking for string.h
configure:9122: gcc -c -fsanitize=address -g -O1 -std=gnu11 -include stdint.h  conftest.c >&5
configure:9122: $? = 0
configure:9122: result: yes
configure:9122: checking for inttypes.h
configure:9122: gcc -c -fsanitize=address -g -O1 -std=gnu11 -include stdint.h  conftest.c >&5
configure:9122: $? = 0
configure:9122: result: yes
configure:9122: checking for stdint.h
configure:9122: gcc -c -fsanitize=address -g -O1 -std=gnu11 -include stdint.h  conftest.c >&5
configure:9122: $? = 0
configure:9122: result: yes
configure:9122: checking for strings.h
configure:9122: gcc -c -fsanitize=address -g -O1 -std=gnu11 -include stdint.h  conftest.c >&5
configure:9122: $? = 0
configure:9122: result: yes
configure:9122: checking for sys/stat.h
configure:9122: gcc -c -fsanitize=address -g -O1 -std=gnu11 -include stdint.h  conftest.c >&5
configure:9122: $? = 0
configure:9122: result: yes
configure:9122: checking for sys/types.h
configure:9122: gcc -c -fsanitize=address -g -O1 -std=gnu11 -include stdint.h  conftest.c >&5
configure:9122: $? = 0
configure:9122: result: yes
configure:9122: checking for unistd.h
configure:9122: gcc -c -fsanitize=address -g -O1 -std=gnu11 -include stdint.h  conftest.c >&5
configure:9122: $? = 0
configure:9122: result: yes
configure:9147: checking for dlfcn.h
configure:9147: gcc -c -fsanitize=address -g -O1 -std=gnu11 -include stdint.h  conftest.c >&5
configure:9147: $? = 0
configure:9147: result: yes
configure:9449: checking for objdir
configure:9466: result: .libs
configure:9732: checking if gcc supports -fno-rtti -fno-exceptions
configure:9751: gcc -c -fsanitize=address -g -O1 -std=gnu11 -include stdint.h  -fno-rtti -fno-exceptions conftest.c >&5
cc1: warning: command-line option '-fno-rtti' is valid for C++/D/ObjC++ but not for C
configure:9755: $? = 0
configure:9769: result: no
configure:10148: checking for gcc option to produce PIC
configure:10157: result: -fPIC -DPIC
configure:10165: checking if gcc PIC flag -fPIC -DPIC works
configure:10184: gcc -c -fsanitize=address -g -O1 -std=gnu11 -include stdint.h  -fPIC -DPIC -DPIC conftest.c >&5
configure:10188: $? = 0
configure:10202: result: yes
configure:10231: checking if gcc static flag -static works
configure:10261: result: no
configure:10276: checking if gcc supports -c -o file.o
configure:10298: gcc -c -fsanitize=address -g -O1 -std=gnu11 -include stdint.h  -o out/conftest2.o conftest.c >&5
configure:10302: $? = 0
configure:10325: result: yes
configure:10333: checking if gcc supports -c -o file.o
configure:10382: result: yes
configure:10415: checking whether the gcc linker (/usr/bin/ld -m elf_x86_64) supports shared libraries
configure:11703: result: yes
configure:11945: checking dynamic linker characteristics
configure:12564: gcc -o conftest -fsanitize=address -g -O1 -std=gnu11 -include stdint.h   -Wl,-rpath -Wl,/foo conftest.c  >&5
configure:12564: $? = 0
configure:13347: result: GNU/Linux ld.so
configure:13469: checking how to hardcode library paths into programs
configure:13494: result: immediate
configure:14094: checking whether stripping libraries is possible
configure:14103: result: yes
configure:14145: checking if libtool supports shared libraries
configure:14147: result: yes
configure:14150: checking whether to build shared libraries
configure:14175: result: no
configure:14178: checking whether to build static libraries
configure:14182: result: yes
configure:14323: checking for cos in -lm
configure:14352: gcc -o conftest -fsanitize=address -g -O1 -std=gnu11 -include stdint.h   conftest.c -lm   >&5
conftest.c:33:6: warning: conflicting types for built-in function 'cos'; expected 'double(double)' [-Wbuiltin-declaration-mismatch]
   33 | char cos (void);
      |      ^~~
conftest.c:1:1: note: 'cos' is declared in header '<math.h>'
    1 | /* confdefs.h */
configure:14352: $? = 0
configure:14364: result: yes
configure:14778: checking for stdint.h
configure:14778: result: yes
configure:14784: checking for inttypes.h
configure:14784: result: yes
configure:14791: checking for fcntl.h
configure:14791: gcc -c -fsanitize=address -g -O1 -std=gnu11 -include stdint.h  conftest.c >&5
configure:14791: $? = 0
configure:14791: result: yes
configure:14797: checking for unistd.h
configure:14797: result: yes
configure:14803: checking for sys/stat.h
configure:14803: result: yes
configure:14810: checking for sys/mman.h
configure:14810: gcc -c -fsanitize=address -g -O1 -std=gnu11 -include stdint.h  conftest.c >&5
configure:14810: $? = 0
configure:14810: result: yes
configure:14817: checking for sys/socket.h
configure:14817: gcc -c -fsanitize=address -g -O1 -std=gnu11 -include stdint.h  conftest.c >&5
configure:14817: $? = 0
configure:14817: result: yes
configure:14823: checking for netinet/in.h
configure:14823: gcc -c -fsanitize=address -g -O1 -std=gnu11 -include stdint.h  conftest.c >&5
configure:14823: $? = 0
configure:14823: result: yes
configure:14829: checking for arpa/inet.h
configure:14829: gcc -c -fsanitize=address -g -O1 -std=gnu11 -include stdint.h  conftest.c >&5
configure:14829: $? = 0
configure:14829: result: yes
configure:14835: checking for netdb.h
configure:14835: gcc -c -fsanitize=address -g -O1 -std=gnu11 -include stdint.h  conftest.c >&5
configure:14835: $? = 0
configure:14835: result: yes
configure:14842: checking for sys/select.h
configure:14842: gcc -c -fsanitize=address -g -O1 -std=gnu11 -include stdint.h  conftest.c >&5
configure:14842: $? = 0
configure:14842: result: yes
configure:14848: checking for poll.h
configure:14848: gcc -c -fsanitize=address -g -O1 -std=gnu11 -include stdint.h  conftest.c >&5
configure:14848: $? = 0
configure:14848: result: yes
configure:14855: checking for sys/time.h
configure:14855: gcc -c -fsanitize=address -g -O1 -std=gnu11 -include stdint.h  conftest.c >&5
configure:14855: $? = 0
configure:14855: result: yes
configure:14861: checking for sys/timeb.h
configure:14861: gcc -c -fsanitize=address -g -O1 -std=gnu11 -include stdint.h  conftest.c >&5
configure:14861: $? = 0
configure:14861: result: yes
configure:14868: checking for dl.h
configure:14868: gcc -c -fsanitize=address -g -O1 -std=gnu11 -include stdint.h  conftest.c >&5
conftest.c:65:10: fatal error: dl.h: No such file or directory
   65 | #include <dl.h>
      |          ^~~~~~
compilation terminated.
configure:14868: $? = 1
configure: failed program was:
| /* confdefs.h */
| #define PACKAGE_NAME "libxml2"
| #define PACKAGE_TARNAME "libxml2"
| #define PACKAGE_VERSION "2.11.9"
| #define PACKAGE_STRING "libxml2 2.11.9"
| #define PACKAGE_BUGREPORT ""
| #define PACKAGE_URL ""
| #define PACKAGE "libxml2"
| #define VERSION "2.11.9"
| #define HAVE_STDIO_H 1
| #define HAVE_STDLIB_H 1
| #define HAVE_STRING_H 1
| #define HAVE_INTTYPES_H 1
| #define HAVE_STDINT_H 1
| #define HAVE_STRINGS_H 1
| #define HAVE_SYS_STAT_H 1
| #define HAVE_SYS_TYPES_H 1
| #define HAVE_UNISTD_H 1
| #define STDC_HEADERS 1
| #define HAVE_DLFCN_H 1
| #define LT_OBJDIR ".libs/"
| #define HAVE_STDINT_H 1
| #define HAVE_INTTYPES_H 1
| #define HAVE_FCNTL_H 1
| #define HAVE_UNISTD_H 1
| #define HAVE_SYS_STAT_H 1
| #define HAVE_SYS_MMAN_H 1
| #define HAVE_SYS_SOCKET_H 1
| #define HAVE_NETINET_IN_H 1
| #define HAVE_ARPA_INET_H 1
| #define HAVE_NETDB_H 1
| #define HAVE_SYS_SELECT_H 1
| #define HAVE_POLL_H 1
| #define HAVE_SYS_TIME_H 1
| #define HAVE_SYS_TIMEB_H 1
| /* end confdefs.h.  */
| #include <stddef.h>
| #ifdef HAVE_STDIO_H
| # include <stdio.h>
| #endif
| #ifdef HAVE_STDLIB_H
| # include <stdlib.h>
| #endif
| #ifdef HAVE_STRING_H
| # include <string.h>
| #endif
| #ifdef HAVE_INTTYPES_H
| # include <inttypes.h>
| #endif
| #ifdef HAVE_STDINT_H
| # include <stdint.h>
| #endif
| #ifdef HAVE_STRINGS_H
| # include <strings.h>
| #endif
| #ifdef HAVE_SYS_TYPES_H
| # include <sys/types.h>
| #endif
| #ifdef HAVE_SYS_STAT_H
| # include <sys/stat.h>
| #endif
| #ifdef HAVE_UNISTD_H
| # include <unistd.h>
| #endif
| #include <dl.h>
configure:14868: result: no
configure:14874: checking for dlfcn.h
configure:14874: result: yes
configure:14881: checking for glob.h
configure:14881: gcc -c -fsanitize=address -g -O1 -std=gnu11 -include stdint.h  conftest.c >&5
configure:14881: $? = 0
configure:14881: result: yes
configure:14897: checking for uint32_t
configure:14897: gcc -c -fsanitize=address -g -O1 -std=gnu11 -include stdint.h  conftest.c >&5
configure:14897: $? = 0
configure:14897: result: yes
configure:14914: checking for snprintf
configure:14914: gcc -o conftest -fsanitize=address -g -O1 -std=gnu11 -include stdint.h   conftest.c  >&5
conftest.c:55:6: warning: conflicting types for built-in function 'snprintf'; expected 'int(char *, long unsigned int,  const char *, ...)' [-Wbuiltin-declaration-mismatch]
   55 | char snprintf (void);
      |      ^~~~~~~~
conftest.c:47:1: note: 'snprintf' is declared in header '<stdio.h>'
   46 | #include <limits.h>
   47 | #undef snprintf
configure:14914: $? = 0
configure:14914: result: yes
configure:14914: checking for vsnprintf
configure:14914: gcc -o conftest -fsanitize=address -g -O1 -std=gnu11 -include stdint.h   conftest.c  >&5
conftest.c:56:6: warning: conflicting types for built-in function 'vsnprintf'; expected 'int(char *, long unsigned int,  const char *, __va_list_tag *)' [-Wbuiltin-declaration-mismatch]
   56 | char vsnprintf (void);
      |      ^~~~~~~~~
conftest.c:48:1: note: 'vsnprintf' is declared in header '<stdio.h>'
   47 | #include <limits.h>
   48 | #undef vsnprintf
configure:14914: $? = 0
configure:14914: result: yes
configure:14928: checking for gettimeofday
configure:14928: gcc -o conftest -fsanitize=address -g -O1 -std=gnu11 -include stdint.h   conftest.c  >&5
configure:14928: $? = 0
configure:14928: result: yes
configure:14934: checking for ftime
configure:14934: gcc -o conftest -fsanitize=address -g -O1 -std=gnu11 -include stdint.h   conftest.c  >&5
configure:14934: $? = 0
configure:14934: result: yes
configure:14940: checking for stat
configure:14940: gcc -o conftest -fsanitize=address -g -O1 -std=gnu11 -include stdint.h   conftest.c  >&5
configure:14940: $? = 0
configure:14940: result: yes
configure:14946: checking for rand_r
configure:14946: gcc -o conftest -fsanitize=address -g -O1 -std=gnu11 -include stdint.h   conftest.c  >&5
configure:14946: $? = 0
configure:14946: result: yes
configure:14952: checking for isascii
configure:14952: gcc -o conftest -fsanitize=address -g -O1 -std=gnu11 -include stdint.h   conftest.c  >&5
conftest.c:61:6: warning: conflicting types for built-in function 'isascii'; expected 'int(int)' [-Wbuiltin-declaration-mismatch]
   61 | char isascii (void);
      |      ^~~~~~~
configure:14952: $? = 0
configure:14952: result: yes
configure:14958: checking for mmap
configure:14958: gcc -o conftest -fsanitize=address -g -O1 -std=gnu11 -include stdint.h   conftest.c  >&5
configure:14958: $? = 0
configure:14958: result: yes
configure:14964: checking for munmap
configure:14964: gcc -o conftest -fsanitize=address -g -O1 -std=gnu11 -include stdint.h   conftest.c  >&5
configure:14964: $? = 0
configure:14964: result: yes
configure:14970: checking for putenv
configure:14970: gcc -o conftest -fsanitize=address -g -O1 -std=gnu11 -include stdint.h   conftest.c  >&5
configure:14970: $? = 0
configure:14970: result: yes
configure:14980: checking for va_copy
configure:14994: gcc -o conftest -fsanitize=address -g -O1 -std=gnu11 -include stdint.h   conftest.c  >&5
configure:14994: $? = 0
configure:15003: result: yes
configure:15042: checking whether va_list is an array type
configure:15055: gcc -c -fsanitize=address -g -O1 -std=gnu11 -include stdint.h  conftest.c >&5
configure: In function 'main':
configure:15051:34: error: cast specifies array type
15051 | 
      |                                  ^
configure: failed program was:
#line 15045 "configure"
#include "confdefs.h"

#include <stdarg.h>
void a(va_list * ap) {}
int main(void) {

va_list ap1, ap2; a(&ap1); ap2 = (va_list) ap1
; return 0; }
configure:15065: result: yes
configure:15080: checking for library containing gethostbyname
configure:15116: gcc -o conftest -fsanitize=address -g -O1 -std=gnu11 -include stdint.h   conftest.c  >&5
configure:15116: $? = 0
configure:15138: result: none required
configure:15153: checking for library containing connect
configure:15189: gcc -o conftest -fsanitize=address -g -O1 -std=gnu11 -include stdint.h   conftest.c  >&5
configure:15189: $? = 0
configure:15211: result: none required
configure:15230: checking for type of socket length (socklen_t)
configure:15247: gcc -c -fsanitize=address -g -O1 -std=gnu11 -include stdint.h  conftest.c >&5
configure:15250: result: socklen_t *
configure:15329: checking whether to enable IPv6
configure:15355: gcc -c -fsanitize=address -g -O1 -std=gnu11 -include stdint.h  conftest.c >&5
configure:15355: $? = 0
configure:15361: result: yes
configure:15378: checking whether __attribute__((destructor)) is accepted
configure:15390: gcc -c -fsanitize=address -g -O1 -std=gnu11 -include stdint.h  conftest.c >&5
configure:15393: result: yes
configure:15424: checking whether the linker accepts -Wl,--undefined-version
configure:15444: gcc -o conftest -fsanitize=address -g -O1 -std=gnu11 -include stdint.h    -Wl,--undefined-version conftest.c  >&5
configure:15444: $? = 0
configure:15457: result: yes
configure:15475: : VERSION_SCRIPT_FLAGS="$VERSION_SCRIPT_FLAGS"
configure:15478: $? = 0
configure:15516: : VERSION_SCRIPT_FLAGS="$VERSION_SCRIPT_FLAGS"
configure:15519: $? = 0
configure:15976: checking for python
configure:15999: found /usr/bin/python
configure:16012: result: /usr/bin/python
configure:16032: checking for python version
configure:16041: result: 3.13
configure:16046: checking for python platform
configure:16055: result: linux
configure:16118: checking for GNU default python prefix
configure:16120: result: ${prefix}
configure:16188: checking for GNU default python exec_prefix
configure:16190: result: ${exec_prefix}
configure:16237: checking for python script directory (pythondir)
configure:16277: result: ${PYTHON_PREFIX}/lib/python3.13/site-packages
configure:16285: checking for python extension module directory (pyexecdir)
configure:16325: result: ${PYTHON_EXEC_PREFIX}/lib/python3.13/site-packages
configure:16338: checking for python-3.13
configure:16345: $PKG_CONFIG --exists --print-errors "python-${PYTHON_VERSION}"
configure:16348: $? = 0
configure:16362: $PKG_CONFIG --exists --print-errors "python-${PYTHON_VERSION}"
configure:16365: $? = 0
configure:16423: result: yes
configure:16472: checking for library containing dlopen
configure:16508: gcc -o conftest -fsanitize=address -g -O1 -std=gnu11 -include stdint.h   conftest.c  >&5
configure:16508: $? = 0
configure:16530: result: none required
configure:16672: checking for pthread.h
configure:16672: gcc -c -fsanitize=address -g -O1 -std=gnu11 -include stdint.h  conftest.c >&5
configure:16672: $? = 0
configure:16672: result: yes
configure:16676: checking for library containing pthread_join
configure:16712: gcc -o conftest -fsanitize=address -g -O1 -std=gnu11 -include stdint.h   conftest.c  >&5
configure:16712: $? = 0
configure:16734: result: none required
configure:16986: checking for zlib
configure:16993: $PKG_CONFIG --exists --print-errors "zlib"
configure:16996: $? = 0
configure:17010: $PKG_CONFIG --exists --print-errors "zlib"
configure:17013: $? = 0
configure:17051: result: yes
configure:17154: checking for liblzma
configure:17161: $PKG_CONFIG --exists --print-errors "liblzma"
configure:17164: $? = 0
configure:17178: $PKG_CONFIG --exists --print-errors "liblzma"
configure:17181: $? = 0
configure:17219: result: yes
configure:17326: checking for libiconv
configure:17341: gcc -o conftest -fsanitize=address -g -O1 -std=gnu11 -include stdint.h   conftest.c  >&5
conftest.c:56:9: warning: "HAVE_PTHREAD_H" redefined
   56 | #define HAVE_PTHREAD_H /**/
      |         ^~~~~~~~~~~~~~
conftest.c:55:9: note: this is the location of the previous definition
   55 | #define HAVE_PTHREAD_H 1
      |         ^~~~~~~~~~~~~~
configure:17341: $? = 0
configure:17345: result: none required
configure:17725: checking that generated files are newer than configure
configure:17731: result: done
configure:17870: creating ./config.status

## ---------------------- ##
## Running config.status. ##
## ---------------------- ##

This file was extended by libxml2 config.status 2.11.9, which was
generated by GNU Autoconf 2.72.  Invocation command line was

  CONFIG_FILES    = 
  CONFIG_HEADERS  = 
  CONFIG_LINKS    = 
  CONFIG_COMMANDS = 
  $ ./config.status 

on glitch

config.status:1278: creating Makefile
config.status:1278: creating include/Makefile
config.status:1278: creating include/libxml/Makefile
config.status:1278: creating include/private/Makefile
config.status:1278: creating doc/Makefile
config.status:1278: creating doc/examples/Makefile
config.status:1278: creating doc/devhelp/Makefile
config.status:1278: creating example/Makefile
config.status:1278: creating fuzz/Makefile
config.status:1278: creating python/Makefile
config.status:1278: creating python/tests/Makefile
config.status:1278: creating xstc/Makefile
config.status:1278: creating include/libxml/xmlversion.h
config.status:1278: creating libxml-2.0.pc
config.status:1278: creating libxml-2.0-uninstalled.pc
config.status:1278: creating libxml2-config.cmake
config.status:1278: creating python/setup.py
config.status:1278: creating xml2-config
config.status:1278: creating config.h
config.status:1459: config.h is unchanged
config.status:1507: executing depfiles commands
config.status:1584: cd .       && sed -e '/# am--include-marker/d' Makefile         | make -f - am--depfiles
make: Nothing to be done for 'am--depfiles'.
config.status:1589: $? = 0
config.status:1584: cd doc/examples       && sed -e '/# am--include-marker/d' Makefile         | make -f - am--depfiles
make: Nothing to be done for 'am--depfiles'.
config.status:1589: $? = 0
config.status:1584: cd example       && sed -e '/# am--include-marker/d' Makefile         | make -f - am--depfiles
make: Nothing to be done for 'am--depfiles'.
config.status:1589: $? = 0
config.status:1584: cd fuzz       && sed -e '/# am--include-marker/d' Makefile         | make -f - am--depfiles
make: Nothing to be done for 'am--depfiles'.
config.status:1589: $? = 0
config.status:1584: cd python       && sed -e '/# am--include-marker/d' Makefile         | make -f - am--depfiles
make: Nothing to be done for 'am--depfiles'.
config.status:1589: $? = 0
config.status:1507: executing libtool commands
configure:20046: gcc -c -fsanitize=address -g -O1 -std=gnu11 -include stdint.h  conftest.c >&5
conftest.c:56:9: warning: "HAVE_PTHREAD_H" redefined
   56 | #define HAVE_PTHREAD_H /**/
      |         ^~~~~~~~~~~~~~
conftest.c:55:9: note: this is the location of the previous definition
   55 | #define HAVE_PTHREAD_H 1
      |         ^~~~~~~~~~~~~~
configure:20046: $? = 0

## ---------------- ##
## Cache variables. ##
## ---------------- ##

ac_cv_build=x86_64-pc-linux-gnu
ac_cv_c_compiler_gnu=yes
ac_cv_c_uint32_t=yes
ac_cv_env_CC_set=
ac_cv_env_CC_value=
ac_cv_env_CFLAGS_set=set
ac_cv_env_CFLAGS_value='-fsanitize=address -g -O1 -std=gnu11 -include stdint.h'
ac_cv_env_CPPFLAGS_set=
ac_cv_env_CPPFLAGS_value=
ac_cv_env_ICU_CFLAGS_set=
ac_cv_env_ICU_CFLAGS_value=
ac_cv_env_ICU_DEFS_set=
ac_cv_env_ICU_DEFS_value=
ac_cv_env_ICU_LIBS_set=
ac_cv_env_ICU_LIBS_value=
ac_cv_env_LDFLAGS_set=
ac_cv_env_LDFLAGS_value=
ac_cv_env_LIBS_set=
ac_cv_env_LIBS_value=
ac_cv_env_LT_SYS_LIBRARY_PATH_set=
ac_cv_env_LT_SYS_LIBRARY_PATH_value=
ac_cv_env_LZMA_CFLAGS_set=
ac_cv_env_LZMA_CFLAGS_value=
ac_cv_env_LZMA_LIBS_set=
ac_cv_env_LZMA_LIBS_value=
ac_cv_env_PKG_CONFIG_LIBDIR_set=
ac_cv_env_PKG_CONFIG_LIBDIR_value=
ac_cv_env_PKG_CONFIG_PATH_set=
ac_cv_env_PKG_CONFIG_PATH_value=
ac_cv_env_PKG_CONFIG_set=
ac_cv_env_PKG_CONFIG_value=
ac_cv_env_PYTHON_CFLAGS_set=
ac_cv_env_PYTHON_CFLAGS_value=
ac_cv_env_PYTHON_LIBS_set=
ac_cv_env_PYTHON_LIBS_value=
ac_cv_env_PYTHON_set=
ac_cv_env_PYTHON_value=
ac_cv_env_Z_CFLAGS_set=
ac_cv_env_Z_CFLAGS_value=
ac_cv_env_Z_LIBS_set=
ac_cv_env_Z_LIBS_value=
ac_cv_env_build_alias_set=
ac_cv_env_build_alias_value=
ac_cv_env_host_alias_set=
ac_cv_env_host_alias_value=
ac_cv_env_target_alias_set=
ac_cv_env_target_alias_value=
ac_cv_func_ftime=yes
ac_cv_func_gettimeofday=yes
ac_cv_func_isascii=yes
ac_cv_func_mmap=yes
ac_cv_func_munmap=yes
ac_cv_func_putenv=yes
ac_cv_func_rand_r=yes
ac_cv_func_snprintf=yes
ac_cv_func_stat=yes
ac_cv_func_vsnprintf=yes
ac_cv_header_arpa_inet_h=yes
ac_cv_header_dl_h=no
ac_cv_header_dlfcn_h=yes
ac_cv_header_fcntl_h=yes
ac_cv_header_glob_h=yes
ac_cv_header_inttypes_h=yes
ac_cv_header_netdb_h=yes
ac_cv_header_netinet_in_h=yes
ac_cv_header_poll_h=yes
ac_cv_header_pthread_h=yes
ac_cv_header_stdint_h=yes
ac_cv_header_stdio_h=yes
ac_cv_header_stdlib_h=yes
ac_cv_header_string_h=yes
ac_cv_header_strings_h=yes
ac_cv_header_sys_mman_h=yes
ac_cv_header_sys_select_h=yes
ac_cv_header_sys_socket_h=yes
ac_cv_header_sys_stat_h=yes
ac_cv_header_sys_time_h=yes
ac_cv_header_sys_timeb_h=yes
ac_cv_header_sys_types_h=yes
ac_cv_header_unistd_h=yes
ac_cv_host=x86_64-pc-linux-gnu
ac_cv_lib_m_cos=yes
ac_cv_objext=o
ac_cv_path_EGREP='/usr/bin/grep -E'
ac_cv_path_EGREP_TRADITIONAL='/usr/bin/grep -E'
ac_cv_path_FGREP='/usr/bin/grep -F'
ac_cv_path_GREP=/usr/bin/grep
ac_cv_path_PERL=/usr/bin/perl
ac_cv_path_PYTHON=/usr/bin/python
ac_cv_path_SED=/usr/bin/sed
ac_cv_path_TAR=/usr/bin/tar
ac_cv_path_WGET=/usr/bin/wget
ac_cv_path_XSLTPROC=/usr/bin/xsltproc
ac_cv_path_ac_pt_PKG_CONFIG=/usr/bin/pkg-config
ac_cv_path_install='/usr/bin/install -c'
ac_cv_path_lt_DD=/usr/bin/dd
ac_cv_path_mkdir=/usr/bin/mkdir
ac_cv_prog_AWK=gawk
ac_cv_prog_FILECMD=file
ac_cv_prog_ac_ct_AR=ar
ac_cv_prog_ac_ct_CC=gcc
ac_cv_prog_ac_ct_MANIFEST_TOOL=mt
ac_cv_prog_ac_ct_OBJDUMP=objdump
ac_cv_prog_ac_ct_RANLIB=ranlib
ac_cv_prog_ac_ct_STRIP=strip
ac_cv_prog_cc_c11=
ac_cv_prog_cc_g=yes
ac_cv_prog_cc_stdc=
ac_cv_prog_make_make_set=yes
ac_cv_search_connect='none required'
ac_cv_search_dlopen='none required'
ac_cv_search_gethostbyname='none required'
ac_cv_search_pthread_join='none required'
am_cv_CC_dependencies_compiler_type=gcc3
am_cv_filesystem_timestamp_resolution=0.01
am_cv_make_support_nested_variables=yes
am_cv_prog_cc_c_o=yes
am_cv_python_platform=linux
am_cv_python_pyexecdir='${PYTHON_EXEC_PREFIX}/lib/python3.13/site-packages'
am_cv_python_pythondir='${PYTHON_PREFIX}/lib/python3.13/site-packages'
am_cv_python_version=3.13
am_cv_sleep_fractional_seconds=yes
am_cv_xargs_n_works=yes
ax_cv_check_ldflags___Wl___undefined_version=yes
lt_cv_ar_at_file=@
lt_cv_deplibs_check_method=pass_all
lt_cv_file_magic_cmd='$MAGIC_CMD'
lt_cv_file_magic_test_file=
lt_cv_ld_reload_flag=-r
lt_cv_nm_interface='BSD nm'
lt_cv_objdir=.libs
lt_cv_path_LD=/usr/bin/ld
lt_cv_path_NM='/usr/bin/nm -B'
lt_cv_path_manifest_tool=no
lt_cv_prog_compiler_c_o=yes
lt_cv_prog_compiler_pic='-fPIC -DPIC'
lt_cv_prog_compiler_pic_works=yes
lt_cv_prog_compiler_rtti_exceptions=no
lt_cv_prog_compiler_static_works=no
lt_cv_prog_gnu_ld=yes
lt_cv_sharedlib_from_linklib_cmd='printf %s\n'
lt_cv_shlibpath_overrides_runpath=yes
lt_cv_sys_global_symbol_pipe='/usr/bin/sed -n -e '\''s/^.*[	 ]\([ABCDGIRSTW][ABCDGIRSTW]*\)[	 ][	 ]*\([_A-Za-z][_A-Za-z0-9]*\)$/\1 \2 \2/p'\'' | /usr/bin/sed '\''/ __gnu_lto/d'\'''
lt_cv_sys_global_symbol_to_c_name_address='/usr/bin/sed -n -e '\''s/^: \(.*\) .*$/  {"\1", (void *) 0},/p'\'' -e '\''s/^[ABCDGIRSTW][ABCDGIRSTW]* .* \(.*\)$/  {"\1", (void *) \&\1},/p'\'''
lt_cv_sys_global_symbol_to_c_name_address_lib_prefix='/usr/bin/sed -n -e '\''s/^: \(.*\) .*$/  {"\1", (void *) 0},/p'\'' -e '\''s/^[ABCDGIRSTW][ABCDGIRSTW]* .* \(lib.*\)$/  {"\1", (void *) \&\1},/p'\'' -e '\''s/^[ABCDGIRSTW][ABCDGIRSTW]* .* \(.*\)$/  {"lib\1", (void *) \&\1},/p'\'''
lt_cv_sys_global_symbol_to_cdecl='/usr/bin/sed -n -e '\''s/^T .* \(.*\)$/extern int \1();/p'\'' -e '\''s/^[ABCDGIRSTW][ABCDGIRSTW]* .* \(.*\)$/extern char \1;/p'\'''
lt_cv_sys_global_symbol_to_import=
lt_cv_sys_max_cmd_len=1572864
lt_cv_to_host_file_cmd=func_convert_file_noop
lt_cv_to_tool_file_cmd=func_convert_file_noop
lt_cv_truncate_bin='/usr/bin/dd bs=4096 count=1'
pkg_cv_LZMA_CFLAGS=
pkg_cv_LZMA_LIBS='-llzma '
pkg_cv_PYTHON_CFLAGS='-I/usr/include/python3.13 -I/usr/include/x86_64-linux-gnu/python3.13 '
pkg_cv_PYTHON_LIBS=
pkg_cv_Z_CFLAGS=
pkg_cv_Z_LIBS='-lz '

## ----------------- ##
## Output variables. ##
## ----------------- ##

ACLOCAL='${SHELL} '\''/home/glitch/Desktop/FuzzyTech/SoftwareHardwareSec/2.Fuzzing_integration/task2/libxml2/missing'\'' aclocal-1.17'
AMDEPBACKSLASH='\'
AMDEP_FALSE='#'
AMDEP_TRUE=''
AMTAR='$${TAR-tar}'
AM_BACKSLASH='\'
AM_CFLAGS=' -pedantic -Wall -Wextra -Wshadow -Wpointer-arith -Wcast-align -Wwrite-strings -Waggregate-return -Wstrict-prototypes -Wmissing-prototypes -Wnested-externs -Winline -Wno-long-long -Wno-format-extra-args'
AM_DEFAULT_V='$(AM_DEFAULT_VERBOSITY)'
AM_DEFAULT_VERBOSITY='0'
AM_LDFLAGS=''
AM_V='$(V)'
AR='ar'
AUTOCONF='${SHELL} '\''/home/glitch/Desktop/FuzzyTech/SoftwareHardwareSec/2.Fuzzing_integration/task2/libxml2/missing'\'' autoconf'
AUTOHEADER='${SHELL} '\''/home/glitch/Desktop/FuzzyTech/SoftwareHardwareSec/2.Fuzzing_integration/task2/libxml2/missing'\'' autoheader'
AUTOMAKE='${SHELL} '\''/home/glitch/Desktop/FuzzyTech/SoftwareHardwareSec/2.Fuzzing_integration/task2/libxml2/missing'\'' automake-1.17'
AWK='gawk'
BASE_THREAD_LIBS=''
CC='gcc'
CCDEPMODE='depmode=gcc3'
CFLAGS='-fsanitize=address -g -O1 -std=gnu11 -include stdint.h'
CPPFLAGS=''
CSCOPE='cscope'
CTAGS='ctags'
CYGPATH_W='echo'
DEFS='-DHAVE_CONFIG_H'
DEPDIR='.deps'
DLLTOOL='false'
DSYMUTIL=''
DUMPBIN=''
ECHO_C=''
ECHO_N='-n'
ECHO_T=''
EGREP='/usr/bin/grep -E'
ETAGS='etags'
EXEEXT=''
FGREP='/usr/bin/grep -F'
FILECMD='file'
GREP='/usr/bin/grep'
ICONV_CFLAGS=''
ICU_CFLAGS=''
ICU_DEFS=''
ICU_LIBS=''
INSTALL_DATA='${INSTALL} -m 644'
INSTALL_PROGRAM='${INSTALL}'
INSTALL_SCRIPT='${INSTALL}'
INSTALL_STRIP_PROGRAM='$(install_sh) -c -s'
LD='/usr/bin/ld -m elf_x86_64'
LDFLAGS=''
LIBM='-lm'
LIBOBJS=''
LIBS=''
LIBTOOL='$(SHELL) $(top_builddir)/libtool'
LIBXML_MAJOR_VERSION='2'
LIBXML_MICRO_VERSION='9'
LIBXML_MINOR_VERSION='11'
LIBXML_VERSION='2.11.9'
LIBXML_VERSION_EXTRA='-GITlibxml2-2.11.9-3'
LIBXML_VERSION_INFO='13:9:11'
LIBXML_VERSION_NUMBER='21109'
LIPO=''
LN_S='ln -s'
LTLIBOBJS=''
LT_SYS_LIBRARY_PATH=''
LZMA_CFLAGS=''
LZMA_LIBS='-llzma '
MAINT=''
MAINTAINER_MODE_FALSE='#'
MAINTAINER_MODE_TRUE=''
MAKEINFO='${SHELL} '\''/home/glitch/Desktop/FuzzyTech/SoftwareHardwareSec/2.Fuzzing_integration/task2/libxml2/missing'\'' makeinfo'
MANIFEST_TOOL=':'
MKDIR_P='/usr/bin/mkdir -p'
MODULE_EXTENSION='.so'
MODULE_PLATFORM_LIBS=''
NM='/usr/bin/nm -B'
NMEDIT=''
OBJDUMP='objdump'
OBJEXT='o'
OTOOL64=''
OTOOL=''
PACKAGE='libxml2'
PACKAGE_BUGREPORT=''
PACKAGE_NAME='libxml2'
PACKAGE_STRING='libxml2 2.11.9'
PACKAGE_TARNAME='libxml2'
PACKAGE_URL=''
PACKAGE_VERSION='2.11.9'
PATH_SEPARATOR=':'
PERL='/usr/bin/perl'
PKG_CONFIG='/usr/bin/pkg-config'
PKG_CONFIG_LIBDIR=''
PKG_CONFIG_PATH=''
PYTHON='/usr/bin/python'
PYTHON_CFLAGS='-I/usr/include/python3.13 -I/usr/include/x86_64-linux-gnu/python3.13 '
PYTHON_EXEC_PREFIX='${exec_prefix}'
PYTHON_LDFLAGS=''
PYTHON_LIBS=''
PYTHON_PLATFORM='linux'
PYTHON_PREFIX='${prefix}'
PYTHON_VERSION='3.13'
RANLIB='ranlib'
RDL_CFLAGS=''
RDL_LIBS=''
RELDATE='Fri Sep 19 2025'
SED='/usr/bin/sed'
SET_MAKE=''
SHELL='/bin/bash'
STRIP='strip'
TAR='/usr/bin/tar'
THREAD_CFLAGS=' -D_REENTRANT'
THREAD_LIBS=''
USE_VERSION_SCRIPT_FALSE='#'
USE_VERSION_SCRIPT_TRUE=''
VERSION='2.11.9'
VERSION_SCRIPT_FLAGS=' -Wl,--undefined-version -Wl,--version-script='
WGET='/usr/bin/wget'
WITH_C14N='1'
WITH_C14N_SOURCES_FALSE='#'
WITH_C14N_SOURCES_TRUE=''
WITH_CATALOG='1'
WITH_CATALOG_SOURCES_FALSE='#'
WITH_CATALOG_SOURCES_TRUE=''
WITH_DEBUG='1'
WITH_DEBUG_SOURCES_FALSE='#'
WITH_DEBUG_SOURCES_TRUE=''
WITH_FTP='0'
WITH_FTP_SOURCES_FALSE=''
WITH_FTP_SOURCES_TRUE='#'
WITH_GLOB_FALSE='#'
WITH_GLOB_TRUE=''
WITH_HTML='1'
WITH_HTML_SOURCES_FALSE='#'
WITH_HTML_SOURCES_TRUE=''
WITH_HTTP='1'
WITH_HTTP_SOURCES_FALSE='#'
WITH_HTTP_SOURCES_TRUE=''
WITH_ICONV='1'
WITH_ICU='0'
WITH_ISO8859X='1'
WITH_LEGACY='0'
WITH_LEGACY_SOURCES_FALSE=''
WITH_LEGACY_SOURCES_TRUE='#'
WITH_LZMA='1'
WITH_LZMA_SOURCES_FALSE='#'
WITH_LZMA_SOURCES_TRUE=''
WITH_MEM_DEBUG='0'
WITH_MODULES='1'
WITH_MODULES_SOURCES_FALSE='#'
WITH_MODULES_SOURCES_TRUE=''
WITH_OUTPUT='1'
WITH_OUTPUT_SOURCES_FALSE='#'
WITH_OUTPUT_SOURCES_TRUE=''
WITH_PATTERN='1'
WITH_PATTERN_SOURCES_FALSE='#'
WITH_PATTERN_SOURCES_TRUE=''
WITH_PUSH='1'
WITH_PYTHON_FALSE='#'
WITH_PYTHON_TRUE=''
WITH_READER='1'
WITH_READER_SOURCES_FALSE='#'
WITH_READER_SOURCES_TRUE=''
WITH_REGEXPS='1'
WITH_REGEXPS_SOURCES_FALSE='#'
WITH_REGEXPS_SOURCES_TRUE=''
WITH_SAX1='1'
WITH_SAX1_SOURCES_FALSE='#'
WITH_SAX1_SOURCES_TRUE=''
WITH_SCHEMAS='1'
WITH_SCHEMAS_SOURCES_FALSE='#'
WITH_SCHEMAS_SOURCES_TRUE=''
WITH_SCHEMATRON='1'
WITH_SCHEMATRON_SOURCES_FALSE='#'
WITH_SCHEMATRON_SOURCES_TRUE=''
WITH_THREADS='1'
WITH_THREAD_ALLOC='0'
WITH_TREE='1'
WITH_TRIO='0'
WITH_TRIO_SOURCES_FALSE=''
WITH_TRIO_SOURCES_TRUE='#'
WITH_VALID='1'
WITH_VALID_SOURCES_FALSE='#'
WITH_VALID_SOURCES_TRUE=''
WITH_WRITER='1'
WITH_WRITER_SOURCES_FALSE='#'
WITH_WRITER_SOURCES_TRUE=''
WITH_XINCLUDE='1'
WITH_XINCLUDE_SOURCES_FALSE='#'
WITH_XINCLUDE_SOURCES_TRUE=''
WITH_XPATH='1'
WITH_XPATH_SOURCES_FALSE='#'
WITH_XPATH_SOURCES_TRUE=''
WITH_XPTR='1'
WITH_XPTR_LOCS='0'
WITH_XPTR_SOURCES_FALSE='#'
WITH_XPTR_SOURCES_TRUE=''
WITH_ZLIB='1'
XML_CFLAGS=''
XML_INCLUDEDIR='-I${includedir}/libxml2'
XML_LIBDIR='-L${libdir}'
XML_LIBS='-lxml2'
XML_LIBTOOLLIBS='libxml2.la'
XML_PRIVATE_CFLAGS='   -D_REENTRANT  '
XML_PRIVATE_LIBS='-lz  -llzma     -lm '
XSLTPROC='/usr/bin/xsltproc'
Z_CFLAGS=''
Z_LIBS='-lz '
ac_ct_AR='ar'
ac_ct_CC='gcc'
ac_ct_DUMPBIN=''
am__EXEEXT_FALSE=''
am__EXEEXT_TRUE='#'
am__fastdepCC_FALSE='#'
am__fastdepCC_TRUE=''
am__include='include'
am__isrc=''
am__leading_dot='.'
am__nodep='_no'
am__quote=''
am__rm_f_notfound=''
am__tar='$${TAR-tar} chof - "$$tardir"'
am__untar='$${TAR-tar} xf -'
am__xargs_n='xargs -n'
bindir='${exec_prefix}/bin'
build='x86_64-pc-linux-gnu'
build_alias=''
build_cpu='x86_64'
build_os='linux-gnu'
build_vendor='pc'
datadir='${datarootdir}'
datarootdir='${prefix}/share'
docdir='${datarootdir}/doc/${PACKAGE_TARNAME}'
dvidir='${docdir}'
exec_prefix='${prefix}'
host='x86_64-pc-linux-gnu'
host_alias=''
host_cpu='x86_64'
host_os='linux-gnu'
host_vendor='pc'
htmldir='${docdir}'
includedir='${prefix}/include'
infodir='${datarootdir}/info'
install_sh='${SHELL} /home/glitch/Desktop/FuzzyTech/SoftwareHardwareSec/2.Fuzzing_integration/task2/libxml2/install-sh'
libdir='${exec_prefix}/lib'
libexecdir='${exec_prefix}/libexec'
localedir='${datarootdir}/locale'
localstatedir='${prefix}/var'
mandir='${datarootdir}/man'
mkdir_p='$(MKDIR_P)'
oldincludedir='/usr/include'
pdfdir='${docdir}'
pkgpyexecdir='${pyexecdir}/libxml2'
pkgpythondir='${pythondir}/libxml2'
prefix='/usr/local'
program_transform_name='s,x,x,'
psdir='${docdir}'
pyexecdir='${PYTHON_EXEC_PREFIX}/lib/python3.13/site-packages'
pythondir='${PYTHON_PREFIX}/lib/python3.13/site-packages'
runstatedir='${localstatedir}/run'
sbindir='${exec_prefix}/sbin'
sharedstatedir='${prefix}/com'
sysconfdir='${prefix}/etc'
target_alias=''

## ----------- ##
## confdefs.h. ##
## ----------- ##

/* confdefs.h */
#define PACKAGE_NAME "libxml2"
#define PACKAGE_TARNAME "libxml2"
#define PACKAGE_VERSION "2.11.9"
#define PACKAGE_STRING "libxml2 2.11.9"
#define PACKAGE_BUGREPORT ""
#define PACKAGE_URL ""
#define PACKAGE "libxml2"
#define VERSION "2.11.9"
#define HAVE_STDIO_H 1
#define HAVE_STDLIB_H 1
#define HAVE_STRING_H 1
#define HAVE_INTTYPES_H 1
#define HAVE_STDINT_H 1
#define HAVE_STRINGS_H 1
#define HAVE_SYS_STAT_H 1
#define HAVE_SYS_TYPES_H 1
#define HAVE_UNISTD_H 1
#define STDC_HEADERS 1
#define HAVE_DLFCN_H 1
#define LT_OBJDIR ".libs/"
#define HAVE_STDINT_H 1
#define HAVE_INTTYPES_H 1
#define HAVE_FCNTL_H 1
#define HAVE_UNISTD_H 1
#define HAVE_SYS_STAT_H 1
#define HAVE_SYS_MMAN_H 1
#define HAVE_SYS_SOCKET_H 1
#define HAVE_NETINET_IN_H 1
#define HAVE_ARPA_INET_H 1
#define HAVE_NETDB_H 1
#define HAVE_SYS_SELECT_H 1
#define HAVE_POLL_H 1
#define HAVE_SYS_TIME_H 1
#define HAVE_SYS_TIMEB_H 1
#define HAVE_DLFCN_H 1
#define HAVE_GLOB_H 1
#define HAVE_SNPRINTF 1
#define HAVE_VSNPRINTF 1
#define HAVE_GETTIMEOFDAY 1
#define HAVE_FTIME 1
#define HAVE_STAT 1
#define HAVE_RAND_R 1
#define HAVE_ISASCII 1
#define HAVE_MMAP 1
#define HAVE_MUNMAP 1
#define HAVE_PUTENV 1
#define HAVE_VA_COPY 1
#define VA_LIST_IS_ARRAY 1
#define XML_SOCKLEN_T socklen_t
#define SUPPORT_IP6 /**/
#define HAVE_ATTRIBUTE_DESTRUCTOR 1
#define ATTRIBUTE_DESTRUCTOR __attribute__((destructor))
#define HAVE_DLOPEN /**/
#define HAVE_PTHREAD_H 1
#define HAVE_PTHREAD_H /**/

configure: exit 0
